{
  "version": "1.5.0",
  "plugins_used": [
    {
      "name": "ArtifactoryDetector"
    },
    {
      "name": "AWSKeyDetector"
    },
    {
      "name": "AzureStorageKeyDetector"
    },
    {
      "name": "Base64HighEntropyString",
      "limit": 4.5
    },
    {
      "name": "BasicAuthDetector"
    },
    {
      "name": "CloudantDetector"
    },
    {
      "name": "DiscordBotTokenDetector"
    },
    {
      "name": "GitHubTokenDetector"
    },
    {
      "name": "GitLabTokenDetector"
    },
    {
      "name": "HexHighEntropyString",
      "limit": 3.0
    },
    {
      "name": "IbmCloudIamDetector"
    },
    {
      "name": "IbmCosHmacDetector"
    },
    {
      "name": "IPPublicDetector"
    },
    {
      "name": "JwtTokenDetector"
    },
    {
      "name": "KeywordDetector",
      "keyword_exclude": ""
    },
    {
      "name": "MailchimpDetector"
    },
    {
      "name": "NpmDetector"
    },
    {
      "name": "OpenAIDetector"
    },
    {
      "name": "PrivateKeyDetector"
    },
    {
      "name": "PypiTokenDetector"
    },
    {
      "name": "SendGridDetector"
    },
    {
      "name": "SlackDetector"
    },
    {
      "name": "SoftlayerDetector"
    },
    {
      "name": "SquareOAuthDetector"
    },
    {
      "name": "StripeDetector"
    },
    {
      "name": "TelegramBotTokenDetector"
    },
    {
      "name": "TwilioKeyDetector"
    }
  ],
  "filters_used": [
    {
      "path": "detect_secrets.filters.allowlist.is_line_allowlisted"
    },
    {
      "path": "detect_secrets.filters.common.is_baseline_file",
      "filename": ".secrets.baseline"
    },
    {
      "path": "detect_secrets.filters.common.is_ignored_due_to_verification_policies",
      "min_level": 2
    },
    {
      "path": "detect_secrets.filters.heuristic.is_indirect_reference"
    },
    {
      "path": "detect_secrets.filters.heuristic.is_likely_id_string"
    },
    {
      "path": "detect_secrets.filters.heuristic.is_lock_file"
    },
    {
      "path": "detect_secrets.filters.heuristic.is_not_alphanumeric_string"
    },
    {
      "path": "detect_secrets.filters.heuristic.is_potential_uuid"
    },
    {
      "path": "detect_secrets.filters.heuristic.is_prefixed_with_dollar_sign"
    },
    {
      "path": "detect_secrets.filters.heuristic.is_sequential_string"
    },
    {
      "path": "detect_secrets.filters.heuristic.is_swagger_file"
    },
    {
      "path": "detect_secrets.filters.heuristic.is_templated_secret"
    }
  ],
  "results": {
    "AGENTS.md": [
      {
        "type": "Private Key",
        "filename": "AGENTS.md",
        "hashed_secret": "27c6929aef41ae2bcadac15ca6abcaff72cda9cd",
        "is_verified": false,
        "line_number": 20,
        "is_secret": false
      }
    ],
    "DEPLOYMENT.md": [
      {
        "type": "Basic Auth Credentials",
        "filename": "DEPLOYMENT.md",
        "hashed_secret": "9d4e1e23bd5b727046a9e3b4b7db57bd8d6ee684",
        "is_verified": false,
        "line_number": 63,
        "is_secret": false
      }
    ],
    "backend/alembic/versions/1b1feba3d897_add_data_column_to_hedge_fund_flows.py": [
      {
        "type": "Hex High Entropy String",
        "filename": "backend/alembic/versions/1b1feba3d897_add_data_column_to_hedge_fund_flows.py",
        "hashed_secret": "f4d9b3f05fd0dcc27cd183f49eb74cfa71720b16",
        "is_verified": false,
        "line_number": 15,
        "is_secret": false
      }
    ],
    "backend/alembic/versions/2f8c5d9e4b1a_add_hedgefundflowrun_table.py": [
      {
        "type": "Hex High Entropy String",
        "filename": "backend/alembic/versions/2f8c5d9e4b1a_add_hedgefundflowrun_table.py",
        "hashed_secret": "b6f54aa1a65199fc5b5a5fbda689c0bab03b2b4b",
        "is_verified": false,
        "line_number": 15,
        "is_secret": false
      }
    ],
    "backend/alembic/versions/3f9a6b7c8d2e_add_hedgefundflowruncycle_table.py": [
      {
        "type": "Hex High Entropy String",
        "filename": "backend/alembic/versions/3f9a6b7c8d2e_add_hedgefundflowruncycle_table.py",
        "hashed_secret": "5c2aaedb271c4b65a5a19584810b888917e8bd11",
        "is_verified": false,
        "line_number": 12,
        "is_secret": false
      },
      {
        "type": "Hex High Entropy String",
        "filename": "backend/alembic/versions/3f9a6b7c8d2e_add_hedgefundflowruncycle_table.py",
        "hashed_secret": "b6f54aa1a65199fc5b5a5fbda689c0bab03b2b4b",
        "is_verified": false,
        "line_number": 13,
        "is_secret": false
      }
    ],
    "backend/alembic/versions/a9c3f2b1d4e7_add_binance_order_id_to_trades.py": [
      {
        "type": "Hex High Entropy String",
        "filename": "backend/alembic/versions/a9c3f2b1d4e7_add_binance_order_id_to_trades.py",
        "hashed_secret": "47fc5469baa4f437699ab233c1f7f3044a8121c3",
        "is_verified": false,
        "line_number": 14,
        "is_secret": false
      },
      {
        "type": "Hex High Entropy String",
        "filename": "backend/alembic/versions/a9c3f2b1d4e7_add_binance_order_id_to_trades.py",
        "hashed_secret": "5c2aaedb271c4b65a5a19584810b888917e8bd11",
        "is_verified": false,
        "line_number": 15,
        "is_secret": false
      }
    ],
    "backend/alembic/versions/add_api_keys_table.py": [
      {
        "type": "Hex High Entropy String",
        "filename": "backend/alembic/versions/add_api_keys_table.py",
        "hashed_secret": "f5f5981ad9f7b6b69278318f2f32b2ba701e6a88",
        "is_verified": false,
        "line_number": 15,
        "is_secret": false
      }
    ],
    "backend/llm/router.py": [
      {
        "type": "Secret Keyword",
        "filename": "backend/llm/router.py",
        "hashed_secret": "9854e3021a13c512b797972837462622115d2310",
        "is_verified": false,
        "line_number": 52,
        "is_secret": false
      },
      {
        "type": "Secret Keyword",
        "filename": "backend/llm/router.py",
        "hashed_secret": "be1bb14801f11fdf228bf2eacbd9b751de6d6c10",
        "is_verified": false,
        "line_number": 83,
        "is_secret": false
      },
      {
        "type": "Secret Keyword",
        "filename": "backend/llm/router.py",
        "hashed_secret": "f8ca0d7266886f4b5be9adddc9b66017b3bf1a4b",
        "is_verified": false,
        "line_number": 89,
        "is_secret": false
      },
      {
        "type": "Secret Keyword",
        "filename": "backend/llm/router.py",
        "hashed_secret": "1db4aba2bc9d400d5e75f5473ff811cd819a436d",
        "is_verified": false,
        "line_number": 95,
        "is_secret": false
      }
    ],
    "backend/routes/trading.py": [
      {
        "type": "Secret Keyword",
        "filename": "backend/routes/trading.py",
        "hashed_secret": "8ed4322e8e2790b8c928d381ce8d07cfd966e909",
        "is_verified": false,
        "line_number": 1301,
        "is_secret": false
      },
      {
        "type": "Secret Keyword",
        "filename": "backend/routes/trading.py",
        "hashed_secret": "92e8b903e53ef80522e528a50a4a23b45a2d1579",
        "is_verified": false,
        "line_number": 1304,
        "is_secret": false
      }
    ],
    "docker-compose.prod.yml": [
      {
        "type": "Secret Keyword",
        "filename": "docker-compose.prod.yml",
        "hashed_secret": "18176482d2532398c7b84c22c6f8d2e59e55505c",
        "is_verified": false,
        "line_number": 26,
        "is_secret": false
      }
    ],
    "frontend/src/components/SettingsView.tsx": [
      {
        "type": "Secret Keyword",
        "filename": "frontend/src/components/SettingsView.tsx",
        "hashed_secret": "82c58af9a4354470d773c2036e2fb2c3f39516d7",
        "is_verified": false,
        "line_number": 255,
        "is_secret": false
      },
      {
        "type": "Secret Keyword",
        "filename": "frontend/src/components/SettingsView.tsx",
        "hashed_secret": "f64a19fc30d827dc01a41686ea9a3c42c60bde24",
        "is_verified": false,
        "line_number": 265,
        "is_secret": false
      },
      {
        "type": "Secret Keyword",
        "filename": "frontend/src/components/SettingsView.tsx",
        "hashed_secret": "3e10d010e7dfb478858d30459fa03f3824340d47",
        "is_verified": false,
        "line_number": 278,
        "is_secret": false
      },
      {
        "type": "Secret Keyword",
        "filename": "frontend/src/components/SettingsView.tsx",
        "hashed_secret": "97ebd8cdea0b54bbcd8734279a78a419bb4eeb48",
        "is_verified": false,
        "line_number": 286,
        "is_secret": false
      },
      {
        "type": "Secret Keyword",
        "filename": "frontend/src/components/SettingsView.tsx",
        "hashed_secret": "02ecb94373bfb3dfe827ca18409f50b016e8302a",
        "is_verified": false,
        "line_number": 293,
        "is_secret": false
      },
      {
        "type": "Secret Keyword",
        "filename": "frontend/src/components/SettingsView.tsx",
        "hashed_secret": "f8ca0d7266886f4b5be9adddc9b66017b3bf1a4b",
        "is_verified": false,
        "line_number": 300,
        "is_secret": false
      },
      {
        "type": "Secret Keyword",
        "filename": "frontend/src/components/SettingsView.tsx",
        "hashed_secret": "c699c7705f0bd4d4e23335cba81fda0f0842a01f",
        "is_verified": false,
        "line_number": 310,
        "is_secret": false
      },
      {
        "type": "Secret Keyword",
        "filename": "frontend/src/components/SettingsView.tsx",
        "hashed_secret": "9c62bec36ded891b8003447eb981d37858dd38de",
        "is_verified": false,
        "line_number": 317,
        "is_secret": false
      },
      {
        "type": "Secret Keyword",
        "filename": "frontend/src/components/SettingsView.tsx",
        "hashed_secret": "7de9652657cfbfd21b369d78e4937e214c414776",
        "is_verified": false,
        "line_number": 324,
        "is_secret": false
      },
      {
        "type": "Secret Keyword",
        "filename": "frontend/src/components/SettingsView.tsx",
        "hashed_secret": "fbed204a6d9eb70181ccbaba7932dff12e5e4929",
        "is_verified": false,
        "line_number": 331,
        "is_secret": false
      },
      {
        "type": "Secret Keyword",
        "filename": "frontend/src/components/SettingsView.tsx",
        "hashed_secret": "a4de15a537ac10a24fc4a0cd152fbd6d0e1adf46",
        "is_verified": false,
        "line_number": 339,
        "is_secret": false
      },
      {
        "type": "Secret Keyword",
        "filename": "frontend/src/components/SettingsView.tsx",
        "hashed_secret": "e818c287431ba907e7ad6ee6e0036279be4fb67c",
        "is_verified": false,
        "line_number": 347,
        "is_secret": false
      },
      {
        "type": "Secret Keyword",
        "filename": "frontend/src/components/SettingsView.tsx",
        "hashed_secret": "43b05a7307a8389d11ff0e4d766184be9ad3448b",
        "is_verified": false,
        "line_number": 354,
        "is_secret": false
      },
      {
        "type": "Secret Keyword",
        "filename": "frontend/src/components/SettingsView.tsx",
        "hashed_secret": "ef7309382751216672d10c537b1404db88a87c51",
        "is_verified": false,
        "line_number": 369,
        "is_secret": false
      },
      {
        "type": "Secret Keyword",
        "filename": "frontend/src/components/SettingsView.tsx",
        "hashed_secret": "f0df6d556ae1ebad732f3dd193edf4d9c97efd11",
        "is_verified": false,
        "line_number": 377,
        "is_secret": false
      },
      {
        "type": "Secret Keyword",
        "filename": "frontend/src/components/SettingsView.tsx",
        "hashed_secret": "f65b7b78e983658aa5963b79f06f9cd2d0efd585",
        "is_verified": false,
        "line_number": 384,
        "is_secret": false
      },
      {
        "type": "Secret Keyword",
        "filename": "frontend/src/components/SettingsView.tsx",
        "hashed_secret": "465c1ec43c154c4577dd471f62d66f7696863038",
        "is_verified": false,
        "line_number": 394,
        "is_secret": false
      },
      {
        "type": "Secret Keyword",
        "filename": "frontend/src/components/SettingsView.tsx",
        "hashed_secret": "606524577e4ccef789cd771f759084fc6efedf9a",
        "is_verified": false,
        "line_number": 402,
        "is_secret": false
      },
      {
        "type": "Secret Keyword",
        "filename": "frontend/src/components/SettingsView.tsx",
        "hashed_secret": "f52638e9ea5aecc8365a58bfd888006765db9657",
        "is_verified": false,
        "line_number": 417,
        "is_secret": false
      },
      {
        "type": "Basic Auth Credentials",
        "filename": "frontend/src/components/SettingsView.tsx",
        "hashed_secret": "9d4e1e23bd5b727046a9e3b4b7db57bd8d6ee684",
        "is_verified": false,
        "line_number": 421,
        "is_secret": false
      },
      {
        "type": "Secret Keyword",
        "filename": "frontend/src/components/SettingsView.tsx",
        "hashed_secret": "fcd5928299f6fbc41daa9b2f144bd6b87167e0a4",
        "is_verified": false,
        "line_number": 425,
        "is_secret": false
      },
      {
        "type": "Secret Keyword",
        "filename": "frontend/src/components/SettingsView.tsx",
        "hashed_secret": "31e64df38fd8c3d00bd55abcc367b74f1501c2a6",
        "is_verified": false,
        "line_number": 426,
        "is_secret": false
      },
      {
        "type": "Secret Keyword",
        "filename": "frontend/src/components/SettingsView.tsx",
        "hashed_secret": "bdc35f6c019bedd4aa64a51ffcdf89867c618837",
        "is_verified": false,
        "line_number": 429,
        "is_secret": false
      },
      {
        "type": "Secret Keyword",
        "filename": "frontend/src/components/SettingsView.tsx",
        "hashed_secret": "949df9201e091dd8ffc79f0842fd26abf90111ed",
        "is_verified": false,
        "line_number": 430,
        "is_secret": false
      },
      {
        "type": "Secret Keyword",
        "filename": "frontend/src/components/SettingsView.tsx",
        "hashed_secret": "9940f3c7a0fa2e76ae511180429103879357e138",
        "is_verified": false,
        "line_number": 432,
        "is_secret": false
      },
      {
        "type": "Secret Keyword",
        "filename": "frontend/src/components/SettingsView.tsx",
        "hashed_secret": "3d168acf9de932263d0271dfe77b684df992751e",
        "is_verified": false,
        "line_number": 439,
        "is_secret": false
      },
      {
        "type": "Secret Keyword",
        "filename": "frontend/src/components/SettingsView.tsx",
        "hashed_secret": "db8dae01ede0ee9d4a9dcec3898f7c792890aac6",
        "is_verified": false,
        "line_number": 448,
        "is_secret": false
      },
      {
        "type": "Secret Keyword",
        "filename": "frontend/src/components/SettingsView.tsx",
        "hashed_secret": "9d2ef337213dd3356dfa79a6806da6a2c538a6f7",
        "is_verified": false,
        "line_number": 455,
        "is_secret": false
      },
      {
        "type": "Secret Keyword",
        "filename": "frontend/src/components/SettingsView.tsx",
        "hashed_secret": "3c9087cfd7f5e355310b5af9c0269cff006441ac",
        "is_verified": false,
        "line_number": 467,
        "is_secret": false
      },
      {
        "type": "Secret Keyword",
        "filename": "frontend/src/components/SettingsView.tsx",
        "hashed_secret": "39709bffd690e030e52df50345a2597919258198",
        "is_verified": false,
        "line_number": 474,
        "is_secret": false
      },
      {
        "type": "Secret Keyword",
        "filename": "frontend/src/components/SettingsView.tsx",
        "hashed_secret": "be7328355b519e1d0f2999d63bdbcb22403bfc52",
        "is_verified": false,
        "line_number": 475,
        "is_secret": false
      },
      {
        "type": "Secret Keyword",
        "filename": "frontend/src/components/SettingsView.tsx",
        "hashed_secret": "79e533cb3a59a57fc00306bfc6e8a10b9383dc51",
        "is_verified": false,
        "line_number": 478,
        "is_secret": false
      },
      {
        "type": "Secret Keyword",
        "filename": "frontend/src/components/SettingsView.tsx",
        "hashed_secret": "d36cf32699486fbd255a10f4535482a5a9fba8f4",
        "is_verified": false,
        "line_number": 479,
        "is_secret": false
      },
      {
        "type": "Secret Keyword",
        "filename": "frontend/src/components/SettingsView.tsx",
        "hashed_secret": "7a29a84470bf4123260be92bd824ab2456933b6d",
        "is_verified": false,
        "line_number": 481,
        "is_secret": false
      },
      {
        "type": "Secret Keyword",
        "filename": "frontend/src/components/SettingsView.tsx",
        "hashed_secret": "1a9b839cba296c035acbe7361c6090e733781c86",
        "is_verified": false,
        "line_number": 492,
        "is_secret": false
      },
      {
        "type": "Secret Keyword",
        "filename": "frontend/src/components/SettingsView.tsx",
        "hashed_secret": "772338cd226cb5e6ff10d2cb8cbd026c89df701b",
        "is_verified": false,
        "line_number": 501,
        "is_secret": false
      },
      {
        "type": "Secret Keyword",
        "filename": "frontend/src/components/SettingsView.tsx",
        "hashed_secret": "6850801ea17b0742a3cdc54ddde73aebc29a2bef",
        "is_verified": false,
        "line_number": 507,
        "is_secret": false
      },
      {
        "type": "Secret Keyword",
        "filename": "frontend/src/components/SettingsView.tsx",
        "hashed_secret": "a570fb49986a6543a13a1085458cbe9c65e889fe",
        "is_verified": false,
        "line_number": 508,
        "is_secret": false
      },
      {
        "type": "Secret Keyword",
        "filename": "frontend/src/components/SettingsView.tsx",
        "hashed_secret": "09e362028002532d2eafb78c4123dea47388a69d",
        "is_verified": false,
        "line_number": 512,
        "is_secret": false
      },
      {
        "type": "Secret Keyword",
        "filename": "frontend/src/components/SettingsView.tsx",
        "hashed_secret": "ec97ccdccfe651ea7f6da3e081aeaf0546471039",
        "is_verified": false,
        "line_number": 524,
        "is_secret": false
      },
      {
        "type": "Secret Keyword",
        "filename": "frontend/src/components/SettingsView.tsx",
        "hashed_secret": "1b37726143b926ba745a6558e6fee42ee80e8f2e",
        "is_verified": false,
        "line_number": 533,
        "is_secret": false
      },
      {
        "type": "Secret Keyword",
        "filename": "frontend/src/components/SettingsView.tsx",
        "hashed_secret": "22dcbdea1076682ff186ed5950308d7a8bbdbb82",
        "is_verified": false,
        "line_number": 544,
        "is_secret": false
      },
      {
        "type": "Secret Keyword",
        "filename": "frontend/src/components/SettingsView.tsx",
        "hashed_secret": "604cd5e3c65cd95b6cddf8c08d99b37f05649ea6",
        "is_verified": false,
        "line_number": 552,
        "is_secret": false
      },
      {
        "type": "Secret Keyword",
        "filename": "frontend/src/components/SettingsView.tsx",
        "hashed_secret": "b3d9b870745ee5fe0bae9d47bb829c699de166d6",
        "is_verified": false,
        "line_number": 564,
        "is_secret": false
      },
      {
        "type": "Secret Keyword",
        "filename": "frontend/src/components/SettingsView.tsx",
        "hashed_secret": "6409a5fc8804bd0eb114c59d96d0177724e4406d",
        "is_verified": false,
        "line_number": 624,
        "is_secret": false
      },
      {
        "type": "Secret Keyword",
        "filename": "frontend/src/components/SettingsView.tsx",
        "hashed_secret": "2c16e58494d45a223b5ade2e28a3793569267138",
        "is_verified": false,
        "line_number": 633,
        "is_secret": false
      },
      {
        "type": "Secret Keyword",
        "filename": "frontend/src/components/SettingsView.tsx",
        "hashed_secret": "4379234df7d9736b19b6a858fff598b1911f1aa5",
        "is_verified": false,
        "line_number": 642,
        "is_secret": false
      },
      {
        "type": "Secret Keyword",
        "filename": "frontend/src/components/SettingsView.tsx",
        "hashed_secret": "caf379a86abe3d0fd577633d23204fee33696d2d",
        "is_verified": false,
        "line_number": 651,
        "is_secret": false
      },
      {
        "type": "Secret Keyword",
        "filename": "frontend/src/components/SettingsView.tsx",
        "hashed_secret": "e988056077762ef96befb6826f7cea83a312896b",
        "is_verified": false,
        "line_number": 660,
        "is_secret": false
      }
    ],
    "litellm-config.yaml": [
      {
        "type": "Secret Keyword",
        "filename": "litellm-config.yaml",
        "hashed_secret": "02a6758222c5b7d42b78c632e49943585c2badd7",
        "is_verified": false,
        "line_number": 6,
        "is_secret": false
      },
      {
        "type": "Secret Keyword",
        "filename": "litellm-config.yaml",
        "hashed_secret": "0da6739a5efa8601ee9be10ea5155a8bd9ad22f3",
        "is_verified": false,
        "line_number": 15,
        "is_secret": false
      }
    ],
    "n8n_fixes/9.-Crypto-News-Sentiment-Feed-HARDENED.json": [
      {
        "type": "Hex High Entropy String",
        "filename": "n8n_fixes/9.-Crypto-News-Sentiment-Feed-HARDENED.json",
        "hashed_secret": "00d058dbe9383e68514df57c2b4f63203d63286b",
        "is_verified": false,
        "line_number": 1491,
        "is_secret": false
      }
    ],
    "scripts/fix_grafana_influx.sh": [
      {
        "type": "Hex High Entropy String",
        "filename": "scripts/fix_grafana_influx.sh",
        "hashed_secret": "21842601562b8701b12c9e3f4394e23bd441bdaa",
        "is_verified": false,
        "line_number": 18,
        "is_secret": false
      }
    ],
    "scripts/ssh_vps_remote.sh": [
      {
        "type": "Private Key",
        "filename": "scripts/ssh_vps_remote.sh",
        "hashed_secret": "27c6929aef41ae2bcadac15ca6abcaff72cda9cd",
        "is_verified": false,
        "line_number": 18,
        "is_secret": false
      }
    ]
  },
  "generated_at": "2026-06-23T20:03:41Z"
}
